// Jest Snapshot v1, https://goo.gl/fbAQLP

exports[`Profile.elcomercio user connected and with active subscription should show banner, you are not a subscriber yet 1`] = `
<RNCSafeAreaProvider
  onInsetsChange={[Function]}
  style={
    Array [
      Object {
        "flex": 1,
      },
      undefined,
    ]
  }
>
  <View
    style={
      Array [
        Object {
          "backgroundColor": "#FFFFFF",
          "display": "flex",
          "flex": 1,
        },
      ]
    }
  >
    <View
      style={
        Array [
          Object {
            "backgroundColor": "#FFFFFF",
            "borderBottomColor": "#FFCB05",
            "borderBottomWidth": 1,
            "display": "flex",
            "elevation": 3,
            "shadowColor": "#050505",
            "shadowOffset": Object {
              "height": 1,
              "width": 0,
            },
            "shadowOpacity": 0.16,
            "shadowRadius": 2.22,
            "zIndex": 1,
          },
          Array [
            Object {
              "paddingTop": 0,
            },
            undefined,
          ],
        ]
      }
    >
      <View
        style={
          Array [
            Object {
              "alignItems": "center",
              "display": "flex",
              "flexDirection": "row",
              "height": 64,
              "paddingHorizontal": 8,
            },
          ]
        }
      >
        <View
          style={
            Array [
              Object {
                "display": "flex",
                "left": 8,
                "position": "absolute",
                "zIndex": 1,
              },
            ]
          }
        >
          <View
            style={
              Array [
                Object {
                  "alignItems": "center",
                  "display": "flex",
                  "flexDirection": "row",
                },
              ]
            }
          >
            <View
              accessible={true}
              focusable={false}
              hitSlop={
                Object {
                  "bottom": 4,
                  "left": 4,
                  "right": 4,
                  "top": 4,
                }
              }
              onClick={[Function]}
              onResponderGrant={[Function]}
              onResponderMove={[Function]}
              onResponderRelease={[Function]}
              onResponderTerminate={[Function]}
              onResponderTerminationRequest={[Function]}
              onStartShouldSetResponder={[Function]}
              style={
                Array [
                  Object {
                    "display": "flex",
                    "height": 16,
                    "width": 16,
                  },
                ]
              }
              testID="goback-button"
            >
              <SvgMock
                fill="#C1C1C1"
                height={16}
                width={16}
              />
            </View>
            <View
              style={
                Array [
                  Object {
                    "alignItems": "center",
                    "display": "flex",
                    "flexDirection": "row",
                    "marginLeft": 20,
                  },
                ]
              }
            >
              <View
                style={
                  Array [
                    Object {
                      "display": "flex",
                      "marginRight": 8,
                    },
                  ]
                }
              >
                <SvgMock
                  fill="#665202"
                  height={20}
                  width={20}
                />
              </View>
              <Text
                style={
                  Array [
                    Object {
                      "color": "#665202",
                      "display": "flex",
                      "fontFamily": "NotoSans",
                      "fontSize": 18,
                      "fontWeight": "900",
                      "lineHeight": 28,
                      "textAlign": "center",
                    },
                    Object {
                      "fontFamily": "NotoSans-Black",
                    },
                  ]
                }
              >
                Mi Perfil
              </Text>
            </View>
          </View>
        </View>
        <View
          style={
            Array [
              Object {
                "display": "flex",
                "flex": 1,
                "marginLeft": 0,
                "paddingLeft": 0,
              },
            ]
          }
        >
          <Text
            numberOfLines={1}
            style={
              Array [
                Object {
                  "color": "#665202",
                  "display": "flex",
                  "fontFamily": "NotoSans",
                  "fontSize": 18,
                  "fontWeight": "900",
                  "lineHeight": 28,
                  "textAlign": "left",
                },
                Object {
                  "fontFamily": "NotoSans-Black",
                },
              ]
            }
          />
        </View>
        <View
          style={
            Array [
              Object {
                "display": "flex",
                "position": "absolute",
                "right": 8,
                "zIndex": 1,
              },
            ]
          }
        />
      </View>
    </View>
    <RCTScrollView
      showsVerticalScrollIndicator={false}
      style={
        Array [
          Object {
            "display": "flex",
          },
        ]
      }
    >
      <View>
        <View
          style={
            Array [
              Object {
                "backgroundColor": "#FFFDF4",
                "display": "flex",
                "padding": 24,
              },
            ]
          }
        >
          <Text
            style={
              Array [
                Object {
                  "color": "#000000",
                  "display": "flex",
                  "fontFamily": "NotoSans",
                  "fontSize": 16,
                  "lineHeight": 24,
                },
                Object {
                  "fontFamily": "NotoSans-Regular",
                },
              ]
            }
          >
            Hola
          </Text>
          <Text
            style={
              Array [
                Object {
                  "color": "#000000",
                  "display": "flex",
                  "fontFamily": "NotoSans",
                  "fontSize": 16,
                  "fontWeight": "700",
                  "lineHeight": 20,
                },
                Object {
                  "fontFamily": "NotoSans-Bold",
                },
              ]
            }
          >
            JOSE
             
            PEREZ
          </Text>
          <Text
            style={
              Array [
                Object {
                  "color": "#000000",
                  "display": "flex",
                  "fontFamily": "NotoSans",
                  "fontSize": 12,
                  "fontWeight": "500",
                  "lineHeight": 16,
                },
                Object {
                  "fontFamily": "NotoSans-Medium",
                },
              ]
            }
          >
            jose@perez.pe
          </Text>
          <Text
            style={
              Array [
                Object {
                  "color": "#000000",
                  "display": "flex",
                  "fontFamily": "NotoSans",
                  "fontSize": 12,
                  "lineHeight": 16,
                },
                Object {
                  "fontFamily": "NotoSans-Regular",
                },
              ]
            }
          >
            Tienes una suscripción activa
          </Text>
        </View>
        <View
          style={
            Array [
              Object {
                "display": "flex",
                "paddingHorizontal": 24,
                "paddingVertical": 8,
              },
            ]
          }
        >
          <View
            accessible={true}
            focusable={true}
            onClick={[Function]}
            onResponderGrant={[Function]}
            onResponderMove={[Function]}
            onResponderRelease={[Function]}
            onResponderTerminate={[Function]}
            onResponderTerminationRequest={[Function]}
            onStartShouldSetResponder={[Function]}
            style={
              Array [
                Object {
                  "alignItems": "center",
                  "borderBottomColor": "#C1C1C1",
                  "borderBottomWidth": 1,
                  "display": "flex",
                  "flexDirection": "row",
                  "height": 72,
                  "marginTop": 0,
                },
              ]
            }
          >
            <View
              style={
                Array [
                  Object {
                    "display": "flex",
                    "marginRight": 16,
                  },
                ]
              }
            >
              <SvgMock
                fill="#C1C1C1"
                height={10}
                width={10}
              />
            </View>
            <View
              style={
                Array [
                  Object {
                    "display": "flex",
                    "flex": 1,
                  },
                ]
              }
            >
              <Text
                style={
                  Array [
                    Object {
                      "color": "#3C3C3C",
                      "display": "flex",
                      "fontFamily": "NotoSans",
                      "fontSize": 16,
                      "fontWeight": "500",
                      "lineHeight": 24,
                    },
                    Object {
                      "fontFamily": "NotoSans-Medium",
                    },
                  ]
                }
              >
                Mi cuenta
              </Text>
              <Text
                style={
                  Array [
                    Object {
                      "color": "#8E8E8E",
                      "display": "flex",
                      "fontFamily": "NotoSans",
                      "fontSize": 12,
                      "lineHeight": 16,
                    },
                    Object {
                      "fontFamily": "NotoSans-Regular",
                    },
                  ]
                }
              >
                Edite su información
              </Text>
            </View>
          </View>
          <View
            accessible={true}
            focusable={true}
            onClick={[Function]}
            onResponderGrant={[Function]}
            onResponderMove={[Function]}
            onResponderRelease={[Function]}
            onResponderTerminate={[Function]}
            onResponderTerminationRequest={[Function]}
            onStartShouldSetResponder={[Function]}
            style={
              Array [
                Object {
                  "alignItems": "center",
                  "borderBottomColor": "#C1C1C1",
                  "borderBottomWidth": 1,
                  "display": "flex",
                  "flexDirection": "row",
                  "height": 72,
                  "marginTop": 0,
                },
              ]
            }
          >
            <View
              style={
                Array [
                  Object {
                    "display": "flex",
                    "marginRight": 16,
                  },
                ]
              }
            >
              <SvgMock
                fill="#C1C1C1"
                height={10}
                width={10}
              />
            </View>
            <View
              style={
                Array [
                  Object {
                    "display": "flex",
                    "flex": 1,
                  },
                ]
              }
            >
              <Text
                style={
                  Array [
                    Object {
                      "color": "#3C3C3C",
                      "display": "flex",
                      "fontFamily": "NotoSans",
                      "fontSize": 16,
                      "fontWeight": "500",
                      "lineHeight": 24,
                    },
                    Object {
                      "fontFamily": "NotoSans-Medium",
                    },
                  ]
                }
              >
                Mi suscripción
              </Text>
              <Text
                style={
                  Array [
                    Object {
                      "color": "#8E8E8E",
                      "display": "flex",
                      "fontFamily": "NotoSans",
                      "fontSize": 12,
                      "lineHeight": 16,
                    },
                    Object {
                      "fontFamily": "NotoSans-Regular",
                    },
                  ]
                }
              >
                Detalles de tu suscripción
              </Text>
            </View>
          </View>
          <View
            accessible={true}
            focusable={true}
            onClick={[Function]}
            onResponderGrant={[Function]}
            onResponderMove={[Function]}
            onResponderRelease={[Function]}
            onResponderTerminate={[Function]}
            onResponderTerminationRequest={[Function]}
            onStartShouldSetResponder={[Function]}
            style={
              Array [
                Object {
                  "alignItems": "center",
                  "borderBottomColor": "#C1C1C1",
                  "borderBottomWidth": 1,
                  "display": "flex",
                  "flexDirection": "row",
                  "height": 72,
                  "marginTop": 0,
                },
              ]
            }
          >
            <View
              style={
                Array [
                  Object {
                    "display": "flex",
                    "marginRight": 16,
                  },
                ]
              }
            >
              <SvgMock
                fill="#C1C1C1"
                height={10}
                width={10}
              />
            </View>
            <View
              style={
                Array [
                  Object {
                    "display": "flex",
                    "flex": 1,
                  },
                ]
              }
            >
              <Text
                style={
                  Array [
                    Object {
                      "color": "#3C3C3C",
                      "display": "flex",
                      "fontFamily": "NotoSans",
                      "fontSize": 16,
                      "fontWeight": "500",
                      "lineHeight": 24,
                    },
                    Object {
                      "fontFamily": "NotoSans-Medium",
                    },
                  ]
                }
              >
                Mis intereses
              </Text>
              <Text
                style={
                  Array [
                    Object {
                      "color": "#8E8E8E",
                      "display": "flex",
                      "fontFamily": "NotoSans",
                      "fontSize": 12,
                      "lineHeight": 16,
                    },
                    Object {
                      "fontFamily": "NotoSans-Regular",
                    },
                  ]
                }
              >
                Selecciona los temas que más te interesan
              </Text>
            </View>
          </View>
          <View
            accessible={true}
            focusable={true}
            onClick={[Function]}
            onResponderGrant={[Function]}
            onResponderMove={[Function]}
            onResponderRelease={[Function]}
            onResponderTerminate={[Function]}
            onResponderTerminationRequest={[Function]}
            onStartShouldSetResponder={[Function]}
            style={
              Array [
                Object {
                  "alignItems": "center",
                  "borderBottomColor": "#C1C1C1",
                  "borderBottomWidth": 1,
                  "display": "flex",
                  "flexDirection": "row",
                  "height": 72,
                  "marginTop": 0,
                },
              ]
            }
          >
            <View
              style={
                Array [
                  Object {
                    "display": "flex",
                    "marginRight": 16,
                  },
                ]
              }
            >
              <SvgMock
                fill="#C1C1C1"
                height={10}
                width={10}
              />
            </View>
            <View
              style={
                Array [
                  Object {
                    "display": "flex",
                    "flex": 1,
                  },
                ]
              }
            >
              <Text
                style={
                  Array [
                    Object {
                      "color": "#3C3C3C",
                      "display": "flex",
                      "fontFamily": "NotoSans",
                      "fontSize": 16,
                      "fontWeight": "500",
                      "lineHeight": 24,
                    },
                    Object {
                      "fontFamily": "NotoSans-Medium",
                    },
                  ]
                }
              >
                Ordenar secciones
              </Text>
              <Text
                style={
                  Array [
                    Object {
                      "color": "#8E8E8E",
                      "display": "flex",
                      "fontFamily": "NotoSans",
                      "fontSize": 12,
                      "lineHeight": 16,
                    },
                    Object {
                      "fontFamily": "NotoSans-Regular",
                    },
                  ]
                }
              >
                Organice el orden de las secciones
              </Text>
            </View>
          </View>
          <View
            accessible={true}
            focusable={true}
            onClick={[Function]}
            onResponderGrant={[Function]}
            onResponderMove={[Function]}
            onResponderRelease={[Function]}
            onResponderTerminate={[Function]}
            onResponderTerminationRequest={[Function]}
            onStartShouldSetResponder={[Function]}
            style={
              Array [
                Object {
                  "alignItems": "center",
                  "borderBottomColor": "#C1C1C1",
                  "borderBottomWidth": 1,
                  "display": "flex",
                  "flexDirection": "row",
                  "height": 72,
                  "marginTop": 0,
                },
              ]
            }
          >
            <View
              style={
                Array [
                  Object {
                    "display": "flex",
                    "marginRight": 16,
                  },
                ]
              }
            >
              <SvgMock
                fill="#C1C1C1"
                height={10}
                width={10}
              />
            </View>
            <View
              style={
                Array [
                  Object {
                    "display": "flex",
                    "flex": 1,
                  },
                ]
              }
            >
              <Text
                style={
                  Array [
                    Object {
                      "color": "#3C3C3C",
                      "display": "flex",
                      "fontFamily": "NotoSans",
                      "fontSize": 16,
                      "fontWeight": "500",
                      "lineHeight": 24,
                    },
                    Object {
                      "fontFamily": "NotoSans-Medium",
                    },
                  ]
                }
              >
                Alertas
              </Text>
              <Text
                style={
                  Array [
                    Object {
                      "color": "#8E8E8E",
                      "display": "flex",
                      "fontFamily": "NotoSans",
                      "fontSize": 12,
                      "lineHeight": 16,
                    },
                    Object {
                      "fontFamily": "NotoSans-Regular",
                    },
                  ]
                }
              >
                Reciba notificaciones de contenido
              </Text>
            </View>
          </View>
          <View
            accessible={true}
            focusable={true}
            onClick={[Function]}
            onResponderGrant={[Function]}
            onResponderMove={[Function]}
            onResponderRelease={[Function]}
            onResponderTerminate={[Function]}
            onResponderTerminationRequest={[Function]}
            onStartShouldSetResponder={[Function]}
            style={
              Array [
                Object {
                  "alignItems": "center",
                  "borderBottomColor": "#C1C1C1",
                  "borderBottomWidth": 1,
                  "display": "flex",
                  "flexDirection": "row",
                  "height": 72,
                  "marginTop": 0,
                },
              ]
            }
          >
            <View
              style={
                Array [
                  Object {
                    "display": "flex",
                    "marginRight": 16,
                  },
                ]
              }
            >
              <SvgMock
                fill="#C1C1C1"
                height={10}
                width={10}
              />
            </View>
            <View
              style={
                Array [
                  Object {
                    "display": "flex",
                    "flex": 1,
                  },
                ]
              }
            >
              <Text
                style={
                  Array [
                    Object {
                      "color": "#3C3C3C",
                      "display": "flex",
                      "fontFamily": "NotoSans",
                      "fontSize": 16,
                      "fontWeight": "500",
                      "lineHeight": 24,
                    },
                    Object {
                      "fontFamily": "NotoSans-Medium",
                    },
                  ]
                }
              >
                Newsletters
              </Text>
              <Text
                style={
                  Array [
                    Object {
                      "color": "#8E8E8E",
                      "display": "flex",
                      "fontFamily": "NotoSans",
                      "fontSize": 12,
                      "lineHeight": 16,
                    },
                    Object {
                      "fontFamily": "NotoSans-Regular",
                    },
                  ]
                }
              >
                Seleccione los boletines que quiere recibir
              </Text>
            </View>
          </View>
          <View
            accessible={true}
            focusable={true}
            onClick={[Function]}
            onResponderGrant={[Function]}
            onResponderMove={[Function]}
            onResponderRelease={[Function]}
            onResponderTerminate={[Function]}
            onResponderTerminationRequest={[Function]}
            onStartShouldSetResponder={[Function]}
            style={
              Array [
                Object {
                  "alignItems": "center",
                  "borderBottomColor": "#C1C1C1",
                  "borderBottomWidth": 1,
                  "display": "flex",
                  "flexDirection": "row",
                  "height": 72,
                  "marginTop": 0,
                },
              ]
            }
          >
            <View
              style={
                Array [
                  Object {
                    "display": "flex",
                    "marginRight": 16,
                  },
                ]
              }
            >
              <SvgMock
                fill="#C1C1C1"
                height={10}
                width={10}
              />
            </View>
            <View
              style={
                Array [
                  Object {
                    "display": "flex",
                    "flex": 1,
                  },
                ]
              }
            >
              <Text
                style={
                  Array [
                    Object {
                      "color": "#3C3C3C",
                      "display": "flex",
                      "fontFamily": "NotoSans",
                      "fontSize": 16,
                      "fontWeight": "500",
                      "lineHeight": 24,
                    },
                    Object {
                      "fontFamily": "NotoSans-Medium",
                    },
                  ]
                }
              >
                Leer Luego
              </Text>
              <Text
                style={
                  Array [
                    Object {
                      "color": "#8E8E8E",
                      "display": "flex",
                      "fontFamily": "NotoSans",
                      "fontSize": 12,
                      "lineHeight": 16,
                    },
                    Object {
                      "fontFamily": "NotoSans-Regular",
                    },
                  ]
                }
              >
                Todas tus noticias guardadas
              </Text>
            </View>
          </View>
          <View
            accessible={true}
            focusable={true}
            onClick={[Function]}
            onResponderGrant={[Function]}
            onResponderMove={[Function]}
            onResponderRelease={[Function]}
            onResponderTerminate={[Function]}
            onResponderTerminationRequest={[Function]}
            onStartShouldSetResponder={[Function]}
            style={
              Array [
                Object {
                  "alignItems": "center",
                  "display": "flex",
                  "flexDirection": "row",
                  "marginTop": 0,
                  "paddingHorizontal": 24,
                  "paddingVertical": 12,
                },
              ]
            }
          >
            <View
              style={
                Array [
                  Object {
                    "display": "flex",
                    "flex": 1,
                  },
                ]
              }
            >
              <Text
                style={
                  Array [
                    Object {
                      "color": "#8E8E8E",
                      "display": "flex",
                      "fontFamily": "NotoSans",
                      "fontSize": 16,
                      "lineHeight": 24,
                    },
                    Object {
                      "fontFamily": "NotoSans-Regular",
                    },
                  ]
                }
              >
                Cerrar sesión
              </Text>
            </View>
          </View>
        </View>
        <RNCSafeAreaView
          edges={
            Array [
              "bottom",
            ]
          }
          style={
            Array [
              Object {
                "display": "flex",
              },
            ]
          }
        />
      </View>
    </RCTScrollView>
  </View>
</RNCSafeAreaProvider>
`;

exports[`Profile.elcomercio user connected and without subscription should show banner, you are not a subscriber yet 1`] = `
<RNCSafeAreaProvider
  onInsetsChange={[Function]}
  style={
    Array [
      Object {
        "flex": 1,
      },
      undefined,
    ]
  }
>
  <View
    style={
      Array [
        Object {
          "backgroundColor": "#FFFFFF",
          "display": "flex",
          "flex": 1,
        },
      ]
    }
  >
    <View
      style={
        Array [
          Object {
            "backgroundColor": "#FFFFFF",
            "borderBottomColor": "#FFCB05",
            "borderBottomWidth": 1,
            "display": "flex",
            "elevation": 3,
            "shadowColor": "#050505",
            "shadowOffset": Object {
              "height": 1,
              "width": 0,
            },
            "shadowOpacity": 0.16,
            "shadowRadius": 2.22,
            "zIndex": 1,
          },
          Array [
            Object {
              "paddingTop": 0,
            },
            undefined,
          ],
        ]
      }
    >
      <View
        style={
          Array [
            Object {
              "alignItems": "center",
              "display": "flex",
              "flexDirection": "row",
              "height": 64,
              "paddingHorizontal": 8,
            },
          ]
        }
      >
        <View
          style={
            Array [
              Object {
                "display": "flex",
                "left": 8,
                "position": "absolute",
                "zIndex": 1,
              },
            ]
          }
        >
          <View
            style={
              Array [
                Object {
                  "alignItems": "center",
                  "display": "flex",
                  "flexDirection": "row",
                },
              ]
            }
          >
            <View
              accessible={true}
              focusable={false}
              hitSlop={
                Object {
                  "bottom": 4,
                  "left": 4,
                  "right": 4,
                  "top": 4,
                }
              }
              onClick={[Function]}
              onResponderGrant={[Function]}
              onResponderMove={[Function]}
              onResponderRelease={[Function]}
              onResponderTerminate={[Function]}
              onResponderTerminationRequest={[Function]}
              onStartShouldSetResponder={[Function]}
              style={
                Array [
                  Object {
                    "display": "flex",
                    "height": 16,
                    "width": 16,
                  },
                ]
              }
              testID="goback-button"
            >
              <SvgMock
                fill="#C1C1C1"
                height={16}
                width={16}
              />
            </View>
            <View
              style={
                Array [
                  Object {
                    "alignItems": "center",
                    "display": "flex",
                    "flexDirection": "row",
                    "marginLeft": 20,
                  },
                ]
              }
            >
              <View
                style={
                  Array [
                    Object {
                      "display": "flex",
                      "marginRight": 8,
                    },
                  ]
                }
              >
                <SvgMock
                  fill="#665202"
                  height={20}
                  width={20}
                />
              </View>
              <Text
                style={
                  Array [
                    Object {
                      "color": "#665202",
                      "display": "flex",
                      "fontFamily": "NotoSans",
                      "fontSize": 18,
                      "fontWeight": "900",
                      "lineHeight": 28,
                      "textAlign": "center",
                    },
                    Object {
                      "fontFamily": "NotoSans-Black",
                    },
                  ]
                }
              >
                Mi Perfil
              </Text>
            </View>
          </View>
        </View>
        <View
          style={
            Array [
              Object {
                "display": "flex",
                "flex": 1,
                "marginLeft": 0,
                "paddingLeft": 0,
              },
            ]
          }
        >
          <Text
            numberOfLines={1}
            style={
              Array [
                Object {
                  "color": "#665202",
                  "display": "flex",
                  "fontFamily": "NotoSans",
                  "fontSize": 18,
                  "fontWeight": "900",
                  "lineHeight": 28,
                  "textAlign": "left",
                },
                Object {
                  "fontFamily": "NotoSans-Black",
                },
              ]
            }
          />
        </View>
        <View
          style={
            Array [
              Object {
                "display": "flex",
                "position": "absolute",
                "right": 8,
                "zIndex": 1,
              },
            ]
          }
        />
      </View>
    </View>
    <RCTScrollView
      showsVerticalScrollIndicator={false}
      style={
        Array [
          Object {
            "display": "flex",
          },
        ]
      }
    >
      <View>
        <View
          style={
            Array [
              Object {
                "backgroundColor": "#FFFDF4",
                "display": "flex",
                "padding": 24,
              },
            ]
          }
        >
          <Text
            style={
              Array [
                Object {
                  "color": "#000000",
                  "display": "flex",
                  "fontFamily": "NotoSans",
                  "fontSize": 16,
                  "lineHeight": 24,
                },
                Object {
                  "fontFamily": "NotoSans-Regular",
                },
              ]
            }
          >
            Hola
          </Text>
          <Text
            style={
              Array [
                Object {
                  "color": "#000000",
                  "display": "flex",
                  "fontFamily": "NotoSans",
                  "fontSize": 16,
                  "fontWeight": "700",
                  "lineHeight": 20,
                },
                Object {
                  "fontFamily": "NotoSans-Bold",
                },
              ]
            }
          >
            JOSE
             
            PEREZ
          </Text>
          <Text
            style={
              Array [
                Object {
                  "color": "#000000",
                  "display": "flex",
                  "fontFamily": "NotoSans",
                  "fontSize": 12,
                  "fontWeight": "500",
                  "lineHeight": 16,
                },
                Object {
                  "fontFamily": "NotoSans-Medium",
                },
              ]
            }
          >
            jose@perez.pe
          </Text>
          <Text
            style={
              Array [
                Object {
                  "color": "#000000",
                  "display": "flex",
                  "fontFamily": "NotoSans",
                  "fontSize": 12,
                  "lineHeight": 16,
                },
                Object {
                  "fontFamily": "NotoSans-Regular",
                },
              ]
            }
          >
            Todavía no eres suscriptor
          </Text>
          <View
            style={
              Array [
                Object {
                  "display": "flex",
                  "marginTop": 16,
                },
              ]
            }
          >
            <View
              accessible={true}
              focusable={true}
              onClick={[Function]}
              onResponderGrant={[Function]}
              onResponderMove={[Function]}
              onResponderRelease={[Function]}
              onResponderTerminate={[Function]}
              onResponderTerminationRequest={[Function]}
              onStartShouldSetResponder={[Function]}
              style={
                Array [
                  Object {
                    "alignItems": "center",
                    "backgroundColor": "#050505",
                    "borderRadius": 6,
                    "display": "flex",
                    "elevation": 3,
                    "flexDirection": "row",
                    "flexWrap": "nowrap",
                    "height": 48,
                    "justifyContent": "center",
                    "opacity": 1,
                    "shadowColor": "#050505",
                    "shadowOffset": Object {
                      "height": 3,
                      "width": 0,
                    },
                    "shadowOpacity": 0.32,
                    "shadowRadius": 6,
                    "width": "100%",
                  },
                ]
              }
            >
              <Text
                style={
                  Array [
                    Object {
                      "color": "#FFFFFF",
                      "display": "flex",
                      "fontFamily": "NotoSans",
                      "fontSize": 18,
                      "fontWeight": "700",
                      "lineHeight": 28,
                    },
                    Object {
                      "fontFamily": "NotoSans-Bold",
                    },
                  ]
                }
              >
                ¡SUSCRÍBETE!
              </Text>
            </View>
          </View>
        </View>
        <View
          style={
            Array [
              Object {
                "display": "flex",
                "paddingHorizontal": 24,
                "paddingVertical": 8,
              },
            ]
          }
        >
          <View
            accessible={true}
            focusable={true}
            onClick={[Function]}
            onResponderGrant={[Function]}
            onResponderMove={[Function]}
            onResponderRelease={[Function]}
            onResponderTerminate={[Function]}
            onResponderTerminationRequest={[Function]}
            onStartShouldSetResponder={[Function]}
            style={
              Array [
                Object {
                  "alignItems": "center",
                  "borderBottomColor": "#C1C1C1",
                  "borderBottomWidth": 1,
                  "display": "flex",
                  "flexDirection": "row",
                  "height": 72,
                  "marginTop": 0,
                },
              ]
            }
          >
            <View
              style={
                Array [
                  Object {
                    "display": "flex",
                    "marginRight": 16,
                  },
                ]
              }
            >
              <SvgMock
                fill="#C1C1C1"
                height={10}
                width={10}
              />
            </View>
            <View
              style={
                Array [
                  Object {
                    "display": "flex",
                    "flex": 1,
                  },
                ]
              }
            >
              <Text
                style={
                  Array [
                    Object {
                      "color": "#3C3C3C",
                      "display": "flex",
                      "fontFamily": "NotoSans",
                      "fontSize": 16,
                      "fontWeight": "500",
                      "lineHeight": 24,
                    },
                    Object {
                      "fontFamily": "NotoSans-Medium",
                    },
                  ]
                }
              >
                Mi cuenta
              </Text>
              <Text
                style={
                  Array [
                    Object {
                      "color": "#8E8E8E",
                      "display": "flex",
                      "fontFamily": "NotoSans",
                      "fontSize": 12,
                      "lineHeight": 16,
                    },
                    Object {
                      "fontFamily": "NotoSans-Regular",
                    },
                  ]
                }
              >
                Edite su información
              </Text>
            </View>
          </View>
          <View
            accessible={true}
            focusable={true}
            onClick={[Function]}
            onResponderGrant={[Function]}
            onResponderMove={[Function]}
            onResponderRelease={[Function]}
            onResponderTerminate={[Function]}
            onResponderTerminationRequest={[Function]}
            onStartShouldSetResponder={[Function]}
            style={
              Array [
                Object {
                  "alignItems": "center",
                  "borderBottomColor": "#C1C1C1",
                  "borderBottomWidth": 1,
                  "display": "flex",
                  "flexDirection": "row",
                  "height": 72,
                  "marginTop": 0,
                },
              ]
            }
          >
            <View
              style={
                Array [
                  Object {
                    "display": "flex",
                    "marginRight": 16,
                  },
                ]
              }
            >
              <SvgMock
                fill="#C1C1C1"
                height={10}
                width={10}
              />
            </View>
            <View
              style={
                Array [
                  Object {
                    "display": "flex",
                    "flex": 1,
                  },
                ]
              }
            >
              <Text
                style={
                  Array [
                    Object {
                      "color": "#3C3C3C",
                      "display": "flex",
                      "fontFamily": "NotoSans",
                      "fontSize": 16,
                      "fontWeight": "500",
                      "lineHeight": 24,
                    },
                    Object {
                      "fontFamily": "NotoSans-Medium",
                    },
                  ]
                }
              >
                Mi suscripción
              </Text>
              <Text
                style={
                  Array [
                    Object {
                      "color": "#8E8E8E",
                      "display": "flex",
                      "fontFamily": "NotoSans",
                      "fontSize": 12,
                      "lineHeight": 16,
                    },
                    Object {
                      "fontFamily": "NotoSans-Regular",
                    },
                  ]
                }
              >
                Detalles de tu suscripción
              </Text>
            </View>
          </View>
          <View
            accessible={true}
            focusable={true}
            onClick={[Function]}
            onResponderGrant={[Function]}
            onResponderMove={[Function]}
            onResponderRelease={[Function]}
            onResponderTerminate={[Function]}
            onResponderTerminationRequest={[Function]}
            onStartShouldSetResponder={[Function]}
            style={
              Array [
                Object {
                  "alignItems": "center",
                  "borderBottomColor": "#C1C1C1",
                  "borderBottomWidth": 1,
                  "display": "flex",
                  "flexDirection": "row",
                  "height": 72,
                  "marginTop": 0,
                },
              ]
            }
          >
            <View
              style={
                Array [
                  Object {
                    "display": "flex",
                    "marginRight": 16,
                  },
                ]
              }
            >
              <SvgMock
                fill="#C1C1C1"
                height={10}
                width={10}
              />
            </View>
            <View
              style={
                Array [
                  Object {
                    "display": "flex",
                    "flex": 1,
                  },
                ]
              }
            >
              <Text
                style={
                  Array [
                    Object {
                      "color": "#3C3C3C",
                      "display": "flex",
                      "fontFamily": "NotoSans",
                      "fontSize": 16,
                      "fontWeight": "500",
                      "lineHeight": 24,
                    },
                    Object {
                      "fontFamily": "NotoSans-Medium",
                    },
                  ]
                }
              >
                Mis intereses
              </Text>
              <Text
                style={
                  Array [
                    Object {
                      "color": "#8E8E8E",
                      "display": "flex",
                      "fontFamily": "NotoSans",
                      "fontSize": 12,
                      "lineHeight": 16,
                    },
                    Object {
                      "fontFamily": "NotoSans-Regular",
                    },
                  ]
                }
              >
                Selecciona los temas que más te interesan
              </Text>
            </View>
          </View>
          <View
            accessible={true}
            focusable={true}
            onClick={[Function]}
            onResponderGrant={[Function]}
            onResponderMove={[Function]}
            onResponderRelease={[Function]}
            onResponderTerminate={[Function]}
            onResponderTerminationRequest={[Function]}
            onStartShouldSetResponder={[Function]}
            style={
              Array [
                Object {
                  "alignItems": "center",
                  "borderBottomColor": "#C1C1C1",
                  "borderBottomWidth": 1,
                  "display": "flex",
                  "flexDirection": "row",
                  "height": 72,
                  "marginTop": 0,
                },
              ]
            }
          >
            <View
              style={
                Array [
                  Object {
                    "display": "flex",
                    "marginRight": 16,
                  },
                ]
              }
            >
              <SvgMock
                fill="#C1C1C1"
                height={10}
                width={10}
              />
            </View>
            <View
              style={
                Array [
                  Object {
                    "display": "flex",
                    "flex": 1,
                  },
                ]
              }
            >
              <Text
                style={
                  Array [
                    Object {
                      "color": "#3C3C3C",
                      "display": "flex",
                      "fontFamily": "NotoSans",
                      "fontSize": 16,
                      "fontWeight": "500",
                      "lineHeight": 24,
                    },
                    Object {
                      "fontFamily": "NotoSans-Medium",
                    },
                  ]
                }
              >
                Ordenar secciones
              </Text>
              <Text
                style={
                  Array [
                    Object {
                      "color": "#8E8E8E",
                      "display": "flex",
                      "fontFamily": "NotoSans",
                      "fontSize": 12,
                      "lineHeight": 16,
                    },
                    Object {
                      "fontFamily": "NotoSans-Regular",
                    },
                  ]
                }
              >
                Organice el orden de las secciones
              </Text>
            </View>
          </View>
          <View
            accessible={true}
            focusable={true}
            onClick={[Function]}
            onResponderGrant={[Function]}
            onResponderMove={[Function]}
            onResponderRelease={[Function]}
            onResponderTerminate={[Function]}
            onResponderTerminationRequest={[Function]}
            onStartShouldSetResponder={[Function]}
            style={
              Array [
                Object {
                  "alignItems": "center",
                  "borderBottomColor": "#C1C1C1",
                  "borderBottomWidth": 1,
                  "display": "flex",
                  "flexDirection": "row",
                  "height": 72,
                  "marginTop": 0,
                },
              ]
            }
          >
            <View
              style={
                Array [
                  Object {
                    "display": "flex",
                    "marginRight": 16,
                  },
                ]
              }
            >
              <SvgMock
                fill="#C1C1C1"
                height={10}
                width={10}
              />
            </View>
            <View
              style={
                Array [
                  Object {
                    "display": "flex",
                    "flex": 1,
                  },
                ]
              }
            >
              <Text
                style={
                  Array [
                    Object {
                      "color": "#3C3C3C",
                      "display": "flex",
                      "fontFamily": "NotoSans",
                      "fontSize": 16,
                      "fontWeight": "500",
                      "lineHeight": 24,
                    },
                    Object {
                      "fontFamily": "NotoSans-Medium",
                    },
                  ]
                }
              >
                Alertas
              </Text>
              <Text
                style={
                  Array [
                    Object {
                      "color": "#8E8E8E",
                      "display": "flex",
                      "fontFamily": "NotoSans",
                      "fontSize": 12,
                      "lineHeight": 16,
                    },
                    Object {
                      "fontFamily": "NotoSans-Regular",
                    },
                  ]
                }
              >
                Reciba notificaciones de contenido
              </Text>
            </View>
          </View>
          <View
            accessible={true}
            focusable={true}
            onClick={[Function]}
            onResponderGrant={[Function]}
            onResponderMove={[Function]}
            onResponderRelease={[Function]}
            onResponderTerminate={[Function]}
            onResponderTerminationRequest={[Function]}
            onStartShouldSetResponder={[Function]}
            style={
              Array [
                Object {
                  "alignItems": "center",
                  "borderBottomColor": "#C1C1C1",
                  "borderBottomWidth": 1,
                  "display": "flex",
                  "flexDirection": "row",
                  "height": 72,
                  "marginTop": 0,
                },
              ]
            }
          >
            <View
              style={
                Array [
                  Object {
                    "display": "flex",
                    "marginRight": 16,
                  },
                ]
              }
            >
              <SvgMock
                fill="#C1C1C1"
                height={10}
                width={10}
              />
            </View>
            <View
              style={
                Array [
                  Object {
                    "display": "flex",
                    "flex": 1,
                  },
                ]
              }
            >
              <Text
                style={
                  Array [
                    Object {
                      "color": "#3C3C3C",
                      "display": "flex",
                      "fontFamily": "NotoSans",
                      "fontSize": 16,
                      "fontWeight": "500",
                      "lineHeight": 24,
                    },
                    Object {
                      "fontFamily": "NotoSans-Medium",
                    },
                  ]
                }
              >
                Newsletters
              </Text>
              <Text
                style={
                  Array [
                    Object {
                      "color": "#8E8E8E",
                      "display": "flex",
                      "fontFamily": "NotoSans",
                      "fontSize": 12,
                      "lineHeight": 16,
                    },
                    Object {
                      "fontFamily": "NotoSans-Regular",
                    },
                  ]
                }
              >
                Seleccione los boletines que quiere recibir
              </Text>
            </View>
          </View>
          <View
            accessible={true}
            focusable={true}
            onClick={[Function]}
            onResponderGrant={[Function]}
            onResponderMove={[Function]}
            onResponderRelease={[Function]}
            onResponderTerminate={[Function]}
            onResponderTerminationRequest={[Function]}
            onStartShouldSetResponder={[Function]}
            style={
              Array [
                Object {
                  "alignItems": "center",
                  "borderBottomColor": "#C1C1C1",
                  "borderBottomWidth": 1,
                  "display": "flex",
                  "flexDirection": "row",
                  "height": 72,
                  "marginTop": 0,
                },
              ]
            }
          >
            <View
              style={
                Array [
                  Object {
                    "display": "flex",
                    "marginRight": 16,
                  },
                ]
              }
            >
              <SvgMock
                fill="#C1C1C1"
                height={10}
                width={10}
              />
            </View>
            <View
              style={
                Array [
                  Object {
                    "display": "flex",
                    "flex": 1,
                  },
                ]
              }
            >
              <Text
                style={
                  Array [
                    Object {
                      "color": "#3C3C3C",
                      "display": "flex",
                      "fontFamily": "NotoSans",
                      "fontSize": 16,
                      "fontWeight": "500",
                      "lineHeight": 24,
                    },
                    Object {
                      "fontFamily": "NotoSans-Medium",
                    },
                  ]
                }
              >
                Leer Luego
              </Text>
              <Text
                style={
                  Array [
                    Object {
                      "color": "#8E8E8E",
                      "display": "flex",
                      "fontFamily": "NotoSans",
                      "fontSize": 12,
                      "lineHeight": 16,
                    },
                    Object {
                      "fontFamily": "NotoSans-Regular",
                    },
                  ]
                }
              >
                Todas tus noticias guardadas
              </Text>
            </View>
          </View>
          <View
            accessible={true}
            focusable={true}
            onClick={[Function]}
            onResponderGrant={[Function]}
            onResponderMove={[Function]}
            onResponderRelease={[Function]}
            onResponderTerminate={[Function]}
            onResponderTerminationRequest={[Function]}
            onStartShouldSetResponder={[Function]}
            style={
              Array [
                Object {
                  "alignItems": "center",
                  "display": "flex",
                  "flexDirection": "row",
                  "marginTop": 0,
                  "paddingHorizontal": 24,
                  "paddingVertical": 12,
                },
              ]
            }
          >
            <View
              style={
                Array [
                  Object {
                    "display": "flex",
                    "flex": 1,
                  },
                ]
              }
            >
              <Text
                style={
                  Array [
                    Object {
                      "color": "#8E8E8E",
                      "display": "flex",
                      "fontFamily": "NotoSans",
                      "fontSize": 16,
                      "lineHeight": 24,
                    },
                    Object {
                      "fontFamily": "NotoSans-Regular",
                    },
                  ]
                }
              >
                Cerrar sesión
              </Text>
            </View>
          </View>
        </View>
        <RNCSafeAreaView
          edges={
            Array [
              "bottom",
            ]
          }
          style={
            Array [
              Object {
                "display": "flex",
              },
            ]
          }
        />
      </View>
    </RCTScrollView>
  </View>
</RNCSafeAreaProvider>
`;

exports[`Profile.elcomercio user not logged in should show banner for create account 1`] = `
<RNCSafeAreaProvider
  onInsetsChange={[Function]}
  style={
    Array [
      Object {
        "flex": 1,
      },
      undefined,
    ]
  }
>
  <View
    style={
      Array [
        Object {
          "backgroundColor": "#FFFFFF",
          "display": "flex",
          "flex": 1,
        },
      ]
    }
  >
    <View
      style={
        Array [
          Object {
            "backgroundColor": "#FFFFFF",
            "borderBottomColor": "#FFCB05",
            "borderBottomWidth": 1,
            "display": "flex",
            "elevation": 3,
            "shadowColor": "#050505",
            "shadowOffset": Object {
              "height": 1,
              "width": 0,
            },
            "shadowOpacity": 0.16,
            "shadowRadius": 2.22,
            "zIndex": 1,
          },
          Array [
            Object {
              "paddingTop": 0,
            },
            undefined,
          ],
        ]
      }
    >
      <View
        style={
          Array [
            Object {
              "alignItems": "center",
              "display": "flex",
              "flexDirection": "row",
              "height": 64,
              "paddingHorizontal": 8,
            },
          ]
        }
      >
        <View
          style={
            Array [
              Object {
                "display": "flex",
                "left": 8,
                "position": "absolute",
                "zIndex": 1,
              },
            ]
          }
        >
          <View
            style={
              Array [
                Object {
                  "alignItems": "center",
                  "display": "flex",
                  "flexDirection": "row",
                },
              ]
            }
          >
            <View
              accessible={true}
              focusable={false}
              hitSlop={
                Object {
                  "bottom": 4,
                  "left": 4,
                  "right": 4,
                  "top": 4,
                }
              }
              onClick={[Function]}
              onResponderGrant={[Function]}
              onResponderMove={[Function]}
              onResponderRelease={[Function]}
              onResponderTerminate={[Function]}
              onResponderTerminationRequest={[Function]}
              onStartShouldSetResponder={[Function]}
              style={
                Array [
                  Object {
                    "display": "flex",
                    "height": 16,
                    "width": 16,
                  },
                ]
              }
              testID="goback-button"
            >
              <SvgMock
                fill="#C1C1C1"
                height={16}
                width={16}
              />
            </View>
            <View
              style={
                Array [
                  Object {
                    "alignItems": "center",
                    "display": "flex",
                    "flexDirection": "row",
                    "marginLeft": 20,
                  },
                ]
              }
            >
              <View
                style={
                  Array [
                    Object {
                      "display": "flex",
                      "marginRight": 8,
                    },
                  ]
                }
              >
                <SvgMock
                  fill="#665202"
                  height={20}
                  width={20}
                />
              </View>
              <Text
                style={
                  Array [
                    Object {
                      "color": "#665202",
                      "display": "flex",
                      "fontFamily": "NotoSans",
                      "fontSize": 18,
                      "fontWeight": "900",
                      "lineHeight": 28,
                      "textAlign": "center",
                    },
                    Object {
                      "fontFamily": "NotoSans-Black",
                    },
                  ]
                }
              >
                Mi Perfil
              </Text>
            </View>
          </View>
        </View>
        <View
          style={
            Array [
              Object {
                "display": "flex",
                "flex": 1,
                "marginLeft": 0,
                "paddingLeft": 0,
              },
            ]
          }
        >
          <Text
            numberOfLines={1}
            style={
              Array [
                Object {
                  "color": "#665202",
                  "display": "flex",
                  "fontFamily": "NotoSans",
                  "fontSize": 18,
                  "fontWeight": "900",
                  "lineHeight": 28,
                  "textAlign": "left",
                },
                Object {
                  "fontFamily": "NotoSans-Black",
                },
              ]
            }
          />
        </View>
        <View
          style={
            Array [
              Object {
                "display": "flex",
                "position": "absolute",
                "right": 8,
                "zIndex": 1,
              },
            ]
          }
        />
      </View>
    </View>
    <RCTScrollView
      showsVerticalScrollIndicator={false}
      style={
        Array [
          Object {
            "display": "flex",
          },
        ]
      }
    >
      <View>
        <View
          style={
            Array [
              Object {
                "backgroundColor": "#FFFDF4",
                "display": "flex",
                "padding": 24,
              },
            ]
          }
        >
          <Text
            style={
              Array [
                Object {
                  "color": "#000000",
                  "display": "flex",
                  "fontFamily": "NotoSans",
                  "fontSize": 16,
                  "lineHeight": 24,
                },
                Object {
                  "fontFamily": "NotoSans-Regular",
                },
              ]
            }
          >
            ¡Hola!
            

            Crea 
            <Text
              style={
                Array [
                  Object {
                    "display": "flex",
                    "fontFamily": "NotoSans",
                    "fontSize": 16,
                    "fontWeight": "700",
                    "lineHeight": 24,
                  },
                  Object {
                    "fontFamily": "NotoSans-Bold",
                  },
                ]
              }
            >
              una cuenta gratis
            </Text>
             
            para navegar por la app
          </Text>
          <View
            style={
              Array [
                Object {
                  "display": "flex",
                  "marginTop": 16,
                },
              ]
            }
          >
            <View
              accessible={true}
              focusable={true}
              onClick={[Function]}
              onResponderGrant={[Function]}
              onResponderMove={[Function]}
              onResponderRelease={[Function]}
              onResponderTerminate={[Function]}
              onResponderTerminationRequest={[Function]}
              onStartShouldSetResponder={[Function]}
              style={
                Array [
                  Object {
                    "alignItems": "center",
                    "backgroundColor": "#050505",
                    "borderRadius": 6,
                    "display": "flex",
                    "elevation": 3,
                    "flexDirection": "row",
                    "flexWrap": "nowrap",
                    "height": 48,
                    "justifyContent": "center",
                    "opacity": 1,
                    "shadowColor": "#050505",
                    "shadowOffset": Object {
                      "height": 3,
                      "width": 0,
                    },
                    "shadowOpacity": 0.32,
                    "shadowRadius": 6,
                    "width": "100%",
                  },
                ]
              }
            >
              <Text
                style={
                  Array [
                    Object {
                      "color": "#FFFFFF",
                      "display": "flex",
                      "fontFamily": "NotoSans",
                      "fontSize": 18,
                      "fontWeight": "700",
                      "lineHeight": 28,
                    },
                    Object {
                      "fontFamily": "NotoSans-Bold",
                    },
                  ]
                }
              >
                ¡REGÍSTRATE!
              </Text>
            </View>
          </View>
        </View>
        <View
          style={
            Array [
              Object {
                "display": "flex",
                "paddingHorizontal": 24,
                "paddingVertical": 8,
              },
            ]
          }
        >
          <View
            accessible={true}
            focusable={true}
            onClick={[Function]}
            onResponderGrant={[Function]}
            onResponderMove={[Function]}
            onResponderRelease={[Function]}
            onResponderTerminate={[Function]}
            onResponderTerminationRequest={[Function]}
            onStartShouldSetResponder={[Function]}
            style={
              Array [
                Object {
                  "alignItems": "center",
                  "borderBottomColor": "#C1C1C1",
                  "borderBottomWidth": 1,
                  "display": "flex",
                  "flexDirection": "row",
                  "height": 72,
                  "marginTop": 0,
                },
              ]
            }
          >
            <View
              style={
                Array [
                  Object {
                    "display": "flex",
                    "marginRight": 16,
                  },
                ]
              }
            >
              <SvgMock
                fill="#C1C1C1"
                height={10}
                width={10}
              />
            </View>
            <View
              style={
                Array [
                  Object {
                    "display": "flex",
                    "flex": 1,
                  },
                ]
              }
            >
              <Text
                style={
                  Array [
                    Object {
                      "color": "#3C3C3C",
                      "display": "flex",
                      "fontFamily": "NotoSans",
                      "fontSize": 16,
                      "fontWeight": "500",
                      "lineHeight": 24,
                    },
                    Object {
                      "fontFamily": "NotoSans-Medium",
                    },
                  ]
                }
              >
                Mi cuenta
              </Text>
              <Text
                style={
                  Array [
                    Object {
                      "color": "#8E8E8E",
                      "display": "flex",
                      "fontFamily": "NotoSans",
                      "fontSize": 12,
                      "lineHeight": 16,
                    },
                    Object {
                      "fontFamily": "NotoSans-Regular",
                    },
                  ]
                }
              >
                Edite su información
              </Text>
            </View>
          </View>
          <View
            accessible={true}
            focusable={true}
            onClick={[Function]}
            onResponderGrant={[Function]}
            onResponderMove={[Function]}
            onResponderRelease={[Function]}
            onResponderTerminate={[Function]}
            onResponderTerminationRequest={[Function]}
            onStartShouldSetResponder={[Function]}
            style={
              Array [
                Object {
                  "alignItems": "center",
                  "borderBottomColor": "#C1C1C1",
                  "borderBottomWidth": 1,
                  "display": "flex",
                  "flexDirection": "row",
                  "height": 72,
                  "marginTop": 0,
                },
              ]
            }
          >
            <View
              style={
                Array [
                  Object {
                    "display": "flex",
                    "marginRight": 16,
                  },
                ]
              }
            >
              <SvgMock
                fill="#C1C1C1"
                height={10}
                width={10}
              />
            </View>
            <View
              style={
                Array [
                  Object {
                    "display": "flex",
                    "flex": 1,
                  },
                ]
              }
            >
              <Text
                style={
                  Array [
                    Object {
                      "color": "#3C3C3C",
                      "display": "flex",
                      "fontFamily": "NotoSans",
                      "fontSize": 16,
                      "fontWeight": "500",
                      "lineHeight": 24,
                    },
                    Object {
                      "fontFamily": "NotoSans-Medium",
                    },
                  ]
                }
              >
                Mi suscripción
              </Text>
              <Text
                style={
                  Array [
                    Object {
                      "color": "#8E8E8E",
                      "display": "flex",
                      "fontFamily": "NotoSans",
                      "fontSize": 12,
                      "lineHeight": 16,
                    },
                    Object {
                      "fontFamily": "NotoSans-Regular",
                    },
                  ]
                }
              >
                Detalles de tu suscripción
              </Text>
            </View>
          </View>
          <View
            accessible={true}
            focusable={true}
            onClick={[Function]}
            onResponderGrant={[Function]}
            onResponderMove={[Function]}
            onResponderRelease={[Function]}
            onResponderTerminate={[Function]}
            onResponderTerminationRequest={[Function]}
            onStartShouldSetResponder={[Function]}
            style={
              Array [
                Object {
                  "alignItems": "center",
                  "borderBottomColor": "#C1C1C1",
                  "borderBottomWidth": 1,
                  "display": "flex",
                  "flexDirection": "row",
                  "height": 72,
                  "marginTop": 0,
                },
              ]
            }
          >
            <View
              style={
                Array [
                  Object {
                    "display": "flex",
                    "marginRight": 16,
                  },
                ]
              }
            >
              <SvgMock
                fill="#C1C1C1"
                height={10}
                width={10}
              />
            </View>
            <View
              style={
                Array [
                  Object {
                    "display": "flex",
                    "flex": 1,
                  },
                ]
              }
            >
              <Text
                style={
                  Array [
                    Object {
                      "color": "#3C3C3C",
                      "display": "flex",
                      "fontFamily": "NotoSans",
                      "fontSize": 16,
                      "fontWeight": "500",
                      "lineHeight": 24,
                    },
                    Object {
                      "fontFamily": "NotoSans-Medium",
                    },
                  ]
                }
              >
                Mis intereses
              </Text>
              <Text
                style={
                  Array [
                    Object {
                      "color": "#8E8E8E",
                      "display": "flex",
                      "fontFamily": "NotoSans",
                      "fontSize": 12,
                      "lineHeight": 16,
                    },
                    Object {
                      "fontFamily": "NotoSans-Regular",
                    },
                  ]
                }
              >
                Selecciona los temas que más te interesan
              </Text>
            </View>
          </View>
          <View
            accessible={true}
            focusable={true}
            onClick={[Function]}
            onResponderGrant={[Function]}
            onResponderMove={[Function]}
            onResponderRelease={[Function]}
            onResponderTerminate={[Function]}
            onResponderTerminationRequest={[Function]}
            onStartShouldSetResponder={[Function]}
            style={
              Array [
                Object {
                  "alignItems": "center",
                  "borderBottomColor": "#C1C1C1",
                  "borderBottomWidth": 1,
                  "display": "flex",
                  "flexDirection": "row",
                  "height": 72,
                  "marginTop": 0,
                },
              ]
            }
          >
            <View
              style={
                Array [
                  Object {
                    "display": "flex",
                    "marginRight": 16,
                  },
                ]
              }
            >
              <SvgMock
                fill="#C1C1C1"
                height={10}
                width={10}
              />
            </View>
            <View
              style={
                Array [
                  Object {
                    "display": "flex",
                    "flex": 1,
                  },
                ]
              }
            >
              <Text
                style={
                  Array [
                    Object {
                      "color": "#3C3C3C",
                      "display": "flex",
                      "fontFamily": "NotoSans",
                      "fontSize": 16,
                      "fontWeight": "500",
                      "lineHeight": 24,
                    },
                    Object {
                      "fontFamily": "NotoSans-Medium",
                    },
                  ]
                }
              >
                Ordenar secciones
              </Text>
              <Text
                style={
                  Array [
                    Object {
                      "color": "#8E8E8E",
                      "display": "flex",
                      "fontFamily": "NotoSans",
                      "fontSize": 12,
                      "lineHeight": 16,
                    },
                    Object {
                      "fontFamily": "NotoSans-Regular",
                    },
                  ]
                }
              >
                Organice el orden de las secciones
              </Text>
            </View>
          </View>
          <View
            accessible={true}
            focusable={true}
            onClick={[Function]}
            onResponderGrant={[Function]}
            onResponderMove={[Function]}
            onResponderRelease={[Function]}
            onResponderTerminate={[Function]}
            onResponderTerminationRequest={[Function]}
            onStartShouldSetResponder={[Function]}
            style={
              Array [
                Object {
                  "alignItems": "center",
                  "borderBottomColor": "#C1C1C1",
                  "borderBottomWidth": 1,
                  "display": "flex",
                  "flexDirection": "row",
                  "height": 72,
                  "marginTop": 0,
                },
              ]
            }
          >
            <View
              style={
                Array [
                  Object {
                    "display": "flex",
                    "marginRight": 16,
                  },
                ]
              }
            >
              <SvgMock
                fill="#C1C1C1"
                height={10}
                width={10}
              />
            </View>
            <View
              style={
                Array [
                  Object {
                    "display": "flex",
                    "flex": 1,
                  },
                ]
              }
            >
              <Text
                style={
                  Array [
                    Object {
                      "color": "#3C3C3C",
                      "display": "flex",
                      "fontFamily": "NotoSans",
                      "fontSize": 16,
                      "fontWeight": "500",
                      "lineHeight": 24,
                    },
                    Object {
                      "fontFamily": "NotoSans-Medium",
                    },
                  ]
                }
              >
                Alertas
              </Text>
              <Text
                style={
                  Array [
                    Object {
                      "color": "#8E8E8E",
                      "display": "flex",
                      "fontFamily": "NotoSans",
                      "fontSize": 12,
                      "lineHeight": 16,
                    },
                    Object {
                      "fontFamily": "NotoSans-Regular",
                    },
                  ]
                }
              >
                Reciba notificaciones de contenido
              </Text>
            </View>
          </View>
          <View
            accessible={true}
            focusable={true}
            onClick={[Function]}
            onResponderGrant={[Function]}
            onResponderMove={[Function]}
            onResponderRelease={[Function]}
            onResponderTerminate={[Function]}
            onResponderTerminationRequest={[Function]}
            onStartShouldSetResponder={[Function]}
            style={
              Array [
                Object {
                  "alignItems": "center",
                  "borderBottomColor": "#C1C1C1",
                  "borderBottomWidth": 1,
                  "display": "flex",
                  "flexDirection": "row",
                  "height": 72,
                  "marginTop": 0,
                },
              ]
            }
          >
            <View
              style={
                Array [
                  Object {
                    "display": "flex",
                    "marginRight": 16,
                  },
                ]
              }
            >
              <SvgMock
                fill="#C1C1C1"
                height={10}
                width={10}
              />
            </View>
            <View
              style={
                Array [
                  Object {
                    "display": "flex",
                    "flex": 1,
                  },
                ]
              }
            >
              <Text
                style={
                  Array [
                    Object {
                      "color": "#3C3C3C",
                      "display": "flex",
                      "fontFamily": "NotoSans",
                      "fontSize": 16,
                      "fontWeight": "500",
                      "lineHeight": 24,
                    },
                    Object {
                      "fontFamily": "NotoSans-Medium",
                    },
                  ]
                }
              >
                Newsletters
              </Text>
              <Text
                style={
                  Array [
                    Object {
                      "color": "#8E8E8E",
                      "display": "flex",
                      "fontFamily": "NotoSans",
                      "fontSize": 12,
                      "lineHeight": 16,
                    },
                    Object {
                      "fontFamily": "NotoSans-Regular",
                    },
                  ]
                }
              >
                Seleccione los boletines que quiere recibir
              </Text>
            </View>
          </View>
          <View
            accessible={true}
            focusable={true}
            onClick={[Function]}
            onResponderGrant={[Function]}
            onResponderMove={[Function]}
            onResponderRelease={[Function]}
            onResponderTerminate={[Function]}
            onResponderTerminationRequest={[Function]}
            onStartShouldSetResponder={[Function]}
            style={
              Array [
                Object {
                  "alignItems": "center",
                  "borderBottomColor": "#C1C1C1",
                  "borderBottomWidth": 1,
                  "display": "flex",
                  "flexDirection": "row",
                  "height": 72,
                  "marginTop": 0,
                },
              ]
            }
          >
            <View
              style={
                Array [
                  Object {
                    "display": "flex",
                    "marginRight": 16,
                  },
                ]
              }
            >
              <SvgMock
                fill="#C1C1C1"
                height={10}
                width={10}
              />
            </View>
            <View
              style={
                Array [
                  Object {
                    "display": "flex",
                    "flex": 1,
                  },
                ]
              }
            >
              <Text
                style={
                  Array [
                    Object {
                      "color": "#3C3C3C",
                      "display": "flex",
                      "fontFamily": "NotoSans",
                      "fontSize": 16,
                      "fontWeight": "500",
                      "lineHeight": 24,
                    },
                    Object {
                      "fontFamily": "NotoSans-Medium",
                    },
                  ]
                }
              >
                Leer Luego
              </Text>
              <Text
                style={
                  Array [
                    Object {
                      "color": "#8E8E8E",
                      "display": "flex",
                      "fontFamily": "NotoSans",
                      "fontSize": 12,
                      "lineHeight": 16,
                    },
                    Object {
                      "fontFamily": "NotoSans-Regular",
                    },
                  ]
                }
              >
                Todas tus noticias guardadas
              </Text>
            </View>
          </View>
        </View>
        <RNCSafeAreaView
          edges={
            Array [
              "bottom",
            ]
          }
          style={
            Array [
              Object {
                "display": "flex",
              },
            ]
          }
        />
      </View>
    </RCTScrollView>
  </View>
</RNCSafeAreaProvider>
`;
